// Jest Snapshot v1, https://goo.gl/fbAQLP

exports[`Button component render expected html 1`] = `
<button
  className="css-1kigtsu"
>
  Test
</button>
`;
